// Jest Snapshot v1, https://goo.gl/fbAQLP

exports[`>>>> SelectBox ++++ Snapshot SelectBox 1`] = `
<select
  id="Radio1"
  onChange={[MockFunction]}
  value=""
/>
`;
